// Jest Snapshot v1, https://goo.gl/fbAQLP

exports[`renders individual dog 1`] = `
<div>
  <div>
    <section>
      <div>
        <a
          href="/dogs/12"
        >
          <img
            src="https://placedog.net/500?id=3"
          />
        </a>
        <p>
          Name: 
          Thor
        </p>
        <p>
          Age: 
          4
        </p>
        <p>
          Breed: 
          Asguardian
        </p>
        <p>
          God of Thunder
        </p>
        <a
          href="/dogs/12/edit"
        >
          Edit
        </a>
        <button>
          Delete
        </button>
      </div>
    </section>
  </div>
</div>
`;
